[    0.000000] Linux version 4.15.0-112-generic (buildd@lcy01-amd64-027) (gcc version 7.5.0 (Ubuntu 7.5.0-3ubuntu1~18.04)) #113-Ubuntu SMP Thu Jul 9 23:41:39 UTC 2020 (Ubuntu 4.15.0-112.113-generic 4.15.18)
[    0.000000] Command line: BOOT_IMAGE=/boot/vmlinuz-4.15.0-112-generic root=LABEL=cloudimg-rootfs ro console=tty1 console=ttyS0
[    0.000000] KERNEL supported cpus:
[    0.000000]   Intel GenuineIntel
[    0.000000]   AMD AuthenticAMD
[    0.000000]   Centaur CentaurHauls
[    0.000000] x86/fpu: Supporting XSAVE feature 0x001: 'x87 floating point registers'
[    0.000000] x86/fpu: Supporting XSAVE feature 0x002: 'SSE registers'
[    0.000000] x86/fpu: Supporting XSAVE feature 0x004: 'AVX registers'
[    0.000000] x86/fpu: xstate_offset[2]:  576, xstate_sizes[2]:  256
[    0.000000] x86/fpu: Enabled xstate features 0x7, context size is 832 bytes, using 'standard' format.
[    0.000000] e820: BIOS-provided physical RAM map:
[    0.000000] BIOS-e820: [mem 0x0000000000000000-0x000000000009fbff] usable
[    0.000000] BIOS-e820: [mem 0x000000000009fc00-0x000000000009ffff] reserved
[    0.000000] BIOS-e820: [mem 0x00000000000f0000-0x00000000000fffff] reserved
[    0.000000] BIOS-e820: [mem 0x0000000000100000-0x000000003ffeffff] usable
[    0.000000] BIOS-e820: [mem 0x000000003fff0000-0x000000003fffffff] ACPI data
[    0.000000] BIOS-e820: [mem 0x00000000fec00000-0x00000000fec00fff] reserved
[    0.000000] BIOS-e820: [mem 0x00000000fee00000-0x00000000fee00fff] reserved
[    0.000000] BIOS-e820: [mem 0x00000000fffc0000-0x00000000ffffffff] reserved
[    0.000000] NX (Execute Disable) protection: active
[    0.000000] SMBIOS 2.5 present.
[    0.000000] DMI: innotek GmbH VirtualBox/VirtualBox, BIOS VirtualBox 12/01/2006
[    0.000000] Hypervisor detected: KVM
[    0.000000] e820: last_pfn = 0x3fff0 max_arch_pfn = 0x400000000
[    0.000000] MTRR: Disabled
[    0.000000] x86/PAT: MTRRs disabled, skipping PAT initialization too.
[    0.000000] CPU MTRRs all blank - virtualized system.
[    0.000000] x86/PAT: Configuration [0-7]: WB  WT  UC- UC  WB  WT  UC- UC  
[    0.000000] found SMP MP-table at [mem 0x0009fff0-0x0009ffff]
[    0.000000] Scanning 1 areas for low memory corruption
[    0.000000] RAMDISK: [mem 0x35a6b000-0x36d2cfff]
[    0.000000] ACPI: Early table checksum verification disabled
[    0.000000] ACPI: RSDP 0x00000000000E0000 000024 (v02 VBOX  )
[    0.000000] ACPI: XSDT 0x000000003FFF0030 00003C (v01 VBOX   VBOXXSDT 00000001 ASL  00000061)
[    0.000000] ACPI: FACP 0x000000003FFF00F0 0000F4 (v04 VBOX   VBOXFACP 00000001 ASL  00000061)
[    0.000000] ACPI: DSDT 0x000000003FFF0470 002325 (v02 VBOX   VBOXBIOS 00000002 INTL 20100528)
[    0.000000] ACPI: FACS 0x000000003FFF0200 000040
[    0.000000] ACPI: FACS 0x000000003FFF0200 000040
[    0.000000] ACPI: APIC 0x000000003FFF0240 00005C (v02 VBOX   VBOXAPIC 00000001 ASL  00000061)
[    0.000000] ACPI: SSDT 0x000000003FFF02A0 0001CC (v01 VBOX   VBOXCPUT 00000002 INTL 20100528)
[    0.000000] No NUMA configuration found
[    0.000000] Faking a node at [mem 0x0000000000000000-0x000000003ffeffff]
[    0.000000] NODE_DATA(0) allocated [mem 0x3ffc5000-0x3ffeffff]
[    0.000000] kvm-clock: cpu 0, msr 0:3ff44001, primary cpu clock
[    0.000000] kvm-clock: Using msrs 4b564d01 and 4b564d00
[    0.000000] kvm-clock: using sched offset of 5002406820 cycles
[    0.000000] clocksource: kvm-clock: mask: 0xffffffffffffffff max_cycles: 0x1cd42e4dffb, max_idle_ns: 881590591483 ns
[    0.000000] Zone ranges:
[    0.000000]   DMA      [mem 0x0000000000001000-0x0000000000ffffff]
[    0.000000]   DMA32    [mem 0x0000000001000000-0x000000003ffeffff]
[    0.000000]   Normal   empty
[    0.000000]   Device   empty
[    0.000000] Movable zone start for each node
[    0.000000] Early memory node ranges
[    0.000000]   node   0: [mem 0x0000000000001000-0x000000000009efff]
[    0.000000]   node   0: [mem 0x0000000000100000-0x000000003ffeffff]
[    0.000000] Reserved but unavailable: 98 pages
[    0.000000] Initmem setup node 0 [mem 0x0000000000001000-0x000000003ffeffff]
[    0.000000] ACPI: PM-Timer IO Port: 0x4008
[    0.000000] IOAPIC[0]: apic_id 2, version 32, address 0xfec00000, GSI 0-23
[    0.000000] ACPI: INT_SRC_OVR (bus 0 bus_irq 0 global_irq 2 dfl dfl)
[    0.000000] ACPI: INT_SRC_OVR (bus 0 bus_irq 9 global_irq 9 low level)
[    0.000000] Using ACPI (MADT) for SMP configuration information
[    0.000000] smpboot: Allowing 2 CPUs, 0 hotplug CPUs
[    0.000000] PM: Registered nosave memory: [mem 0x00000000-0x00000fff]
[    0.000000] PM: Registered nosave memory: [mem 0x0009f000-0x0009ffff]
[    0.000000] PM: Registered nosave memory: [mem 0x000a0000-0x000effff]
[    0.000000] PM: Registered nosave memory: [mem 0x000f0000-0x000fffff]
[    0.000000] e820: [mem 0x40000000-0xfebfffff] available for PCI devices
[    0.000000] Booting paravirtualized kernel on KVM
[    0.000000] clocksource: refined-jiffies: mask: 0xffffffff max_cycles: 0xffffffff, max_idle_ns: 7645519600211568 ns
[    0.000000] random: get_random_bytes called from start_kernel+0x99/0x500 with crng_init=0
[    0.000000] setup_percpu: NR_CPUS:8192 nr_cpumask_bits:2 nr_cpu_ids:2 nr_node_ids:1
[    0.000000] percpu: Embedded 45 pages/cpu s147456 r8192 d28672 u1048576
[    0.000000] PV qspinlock hash table entries: 256 (order: 0, 4096 bytes)
[    0.000000] Built 1 zonelists, mobility grouping on.  Total pages: 257913
[    0.000000] Policy zone: DMA32
[    0.000000] Kernel command line: BOOT_IMAGE=/boot/vmlinuz-4.15.0-112-generic root=LABEL=cloudimg-rootfs ro console=tty1 console=ttyS0
[    0.000000] Memory: 983044K/1048120K available (12300K kernel code, 2481K rwdata, 4272K rodata, 2436K init, 2720K bss, 65076K reserved, 0K cma-reserved)
[    0.000000] SLUB: HWalign=64, Order=0-3, MinObjects=0, CPUs=2, Nodes=1
[    0.000000] Kernel/User page tables isolation: enabled
[    0.000000] ftrace: allocating 39378 entries in 154 pages
[    0.004000] Hierarchical RCU implementation.
[    0.004000] 	RCU restricting CPUs from NR_CPUS=8192 to nr_cpu_ids=2.
[    0.004000] 	Tasks RCU enabled.
[    0.004000] RCU: Adjusting geometry for rcu_fanout_leaf=16, nr_cpu_ids=2
[    0.004000] NR_IRQS: 524544, nr_irqs: 440, preallocated irqs: 16
[    0.004000] Console: colour VGA+ 80x25
[    0.004000] console [tty1] enabled
[    0.004000] console [ttyS0] enabled
[    0.004000] ACPI: Core revision 20170831
[    0.004000] ACPI: 2 ACPI AML tables successfully acquired and loaded
[    0.004000] APIC: Switch to symmetric I/O mode setup
[    0.004000] x2apic enabled
[    0.004000] Switched APIC routing to physical x2apic.
[    0.007737] ..TIMER: vector=0x30 apic1=0 pin1=2 apic2=-1 pin2=-1
[    0.008002] tsc: Detected 2494.228 MHz processor
[    0.009421] Calibrating delay loop (skipped) preset value.. 4988.45 BogoMIPS (lpj=9976912)
[    0.012003] pid_max: default: 32768 minimum: 301
[    0.013466] Security Framework initialized
[    0.016002] Yama: becoming mindful.
[    0.017160] AppArmor: AppArmor initialized
[    0.020073] Dentry cache hash table entries: 131072 (order: 8, 1048576 bytes)
[    0.022215] Inode-cache hash table entries: 65536 (order: 7, 524288 bytes)
[    0.024018] Mount-cache hash table entries: 2048 (order: 2, 16384 bytes)
[    0.025989] Mountpoint-cache hash table entries: 2048 (order: 2, 16384 bytes)
[    0.028512] Last level iTLB entries: 4KB 1024, 2MB 1024, 4MB 1024
[    0.032003] Last level dTLB entries: 4KB 1024, 2MB 1024, 4MB 1024, 1GB 4
[    0.033934] Spectre V1 : Mitigation: usercopy/swapgs barriers and __user pointer sanitization
[    0.036003] Spectre V2 : Mitigation: Full generic retpoline
[    0.037634] Spectre V2 : Spectre v2 / SpectreRSB mitigation: Filling RSB on context switch
[    0.040002] Speculative Store Bypass: Vulnerable
[    0.041524] SRBDS: Unknown: Dependent on hypervisor status
[    0.044002] MDS: Vulnerable: Clear CPU buffers attempted, no microcode
[    0.046245] Freeing SMP alternatives memory: 36K
[    0.158379] smpboot: CPU0: Intel(R) Core(TM) i7-4710MQ CPU @ 2.50GHz (family: 0x6, model: 0x3c, stepping: 0x3)
[    0.160000] Performance Events: unsupported p6 CPU model 60 no PMU driver, software events only.
[    0.160059] Hierarchical SRCU implementation.
[    0.164163] NMI watchdog: Perf event create on CPU 0 failed with -2
[    0.166345] NMI watchdog: Perf NMI watchdog permanently disabled
[    0.168118] smp: Bringing up secondary CPUs ...
[    0.169668] x86: Booting SMP configuration:
[    0.171147] .... node  #0, CPUs:      #1
[    0.004000] kvm-clock: cpu 1, msr 0:3ff44041, secondary cpu clock
[    0.176095] smp: Brought up 1 node, 2 CPUs
[    0.177538] smpboot: Max logical packages: 1
[    0.180006] smpboot: Total of 2 processors activated (9976.91 BogoMIPS)
[    0.182157] devtmpfs: initialized
[    0.184089] x86/mm: Memory block size: 128MB
[    0.185877] evm: security.selinux
[    0.187110] evm: security.SMACK64
[    0.188003] evm: security.SMACK64EXEC
[    0.189304] evm: security.SMACK64TRANSMUTE
[    0.190852] evm: security.SMACK64MMAP
[    0.192003] evm: security.apparmor
[    0.193292] evm: security.ima
[    0.194286] evm: security.capability
[    0.196190] clocksource: jiffies: mask: 0xffffffff max_cycles: 0xffffffff, max_idle_ns: 7645041785100000 ns
[    0.199033] futex hash table entries: 512 (order: 3, 32768 bytes)
[    0.204024] pinctrl core: initialized pinctrl subsystem
[    0.208048] RTC time:  7:55:55, date: 08/14/20
[    0.209740] NET: Registered protocol family 16
[    0.211441] audit: initializing netlink subsys (disabled)
[    0.212033] audit: type=2000 audit(1597391761.570:1): state=initialized audit_enabled=0 res=1
[    0.216018] cpuidle: using governor ladder
[    0.217715] cpuidle: using governor menu
[    0.219112] ACPI: bus type PCI registered
[    0.220003] acpiphp: ACPI Hot Plug PCI Controller Driver version: 0.5
[    0.222090] PCI: Using configuration type 1 for base access
[    0.228083] HugeTLB registered 2.00 MiB page size, pre-allocated 0 pages
[    0.230039] ACPI: Added _OSI(Module Device)
[    0.232004] ACPI: Added _OSI(Processor Device)
[    0.233466] ACPI: Added _OSI(3.0 _SCP Extensions)
[    0.234943] ACPI: Added _OSI(Processor Aggregator Device)
[    0.236003] ACPI: Added _OSI(Linux-Dell-Video)
[    0.237411] ACPI: Added _OSI(Linux-Lenovo-NV-HDMI-Audio)
[    0.240003] ACPI: Added _OSI(Linux-HPI-Hybrid-Graphics)
[    0.242051] ACPI: Executed 1 blocks of module-level executable AML code
[    0.254988] ACPI: Interpreter enabled
[    0.256027] ACPI: (supports S0 S5)
[    0.257272] ACPI: Using IOAPIC for interrupt routing
[    0.260115] PCI: Using host bridge windows from ACPI; if necessary, use "pci=nocrs" and report a bug
[    0.263573] ACPI: Enabled 2 GPEs in block 00 to 07
[    0.284520] ACPI: PCI Root Bridge [PCI0] (domain 0000 [bus 00-ff])
[    0.286523] acpi PNP0A03:00: _OSC: OS supports [ASPM ClockPM Segments MSI]
[    0.289719] acpi PNP0A03:00: _OSC: not requesting OS control; OS requires [ExtendedConfig ASPM ClockPM MSI]
[    0.292023] acpi PNP0A03:00: fail to add MMCONFIG information, can't access extended PCI configuration space under this bridge.
[    0.296777] PCI host bridge to bus 0000:00
[    0.298078] pci_bus 0000:00: root bus resource [io  0x0000-0x0cf7 window]
[    0.300004] pci_bus 0000:00: root bus resource [io  0x0d00-0xffff window]
[    0.302161] pci_bus 0000:00: root bus resource [mem 0x000a0000-0x000bffff window]
[    0.304004] pci_bus 0000:00: root bus resource [mem 0x40000000-0xfdffffff window]
[    0.306397] pci_bus 0000:00: root bus resource [bus 00-ff]
[    0.312688] pci 0000:00:01.1: legacy IDE quirk: reg 0x10: [io  0x01f0-0x01f7]
[    0.314786] pci 0000:00:01.1: legacy IDE quirk: reg 0x14: [io  0x03f6]
[    0.316004] pci 0000:00:01.1: legacy IDE quirk: reg 0x18: [io  0x0170-0x0177]
[    0.320003] pci 0000:00:01.1: legacy IDE quirk: reg 0x1c: [io  0x0376]
[    0.340496] pci 0000:00:07.0: quirk: [io  0x4000-0x403f] claimed by PIIX4 ACPI
[    0.342810] pci 0000:00:07.0: quirk: [io  0x4100-0x410f] claimed by PIIX4 SMB
[    0.354043] ACPI: PCI Interrupt Link [LNKA] (IRQs 5 9 10 *11)
[    0.356330] ACPI: PCI Interrupt Link [LNKB] (IRQs 5 9 *10 11)
[    0.358428] ACPI: PCI Interrupt Link [LNKC] (IRQs 5 *9 10 11)
[    0.360267] ACPI: PCI Interrupt Link [LNKD] (IRQs 5 9 10 *11)
[    0.362700] SCSI subsystem initialized
[    0.364045] pci 0000:00:02.0: vgaarb: setting as boot VGA device
[    0.366056] pci 0000:00:02.0: vgaarb: VGA device added: decodes=io+mem,owns=io+mem,locks=none
[    0.368021] pci 0000:00:02.0: vgaarb: bridge control possible
[    0.369796] vgaarb: loaded
[    0.372050] ACPI: bus type USB registered
[    0.373517] usbcore: registered new interface driver usbfs
[    0.375156] usbcore: registered new interface driver hub
[    0.376029] usbcore: registered new device driver usb
[    0.377660] EDAC MC: Ver: 3.0.0
[    0.380346] PCI: Using ACPI for IRQ routing
[    0.381859] NetLabel: Initializing
[    0.384002] NetLabel:  domain hash size = 128
[    0.385519] NetLabel:  protocols = UNLABELED CIPSOv4 CALIPSO
[    0.387500] NetLabel:  unlabeled traffic allowed by default
[    0.388296] clocksource: Switched to clocksource kvm-clock
[    0.453084] VFS: Disk quotas dquot_6.6.0
[    0.454467] VFS: Dquot-cache hash table entries: 512 (order 0, 4096 bytes)
[    0.456073] AppArmor: AppArmor Filesystem Enabled
[    0.458161] pnp: PnP ACPI init
[    0.461685] pnp: PnP ACPI: found 3 devices
[    0.473396] clocksource: acpi_pm: mask: 0xffffff max_cycles: 0xffffff, max_idle_ns: 2085701024 ns
[    0.476081] NET: Registered protocol family 2
[    0.477970] TCP established hash table entries: 8192 (order: 4, 65536 bytes)
[    0.480217] TCP bind hash table entries: 8192 (order: 5, 131072 bytes)
[    0.486231] TCP: Hash tables configured (established 8192 bind 8192)
[    0.499480] UDP hash table entries: 512 (order: 2, 16384 bytes)
[    0.501295] UDP-Lite hash table entries: 512 (order: 2, 16384 bytes)
[    0.503219] NET: Registered protocol family 1
[    0.504742] pci 0000:00:00.0: Limiting direct PCI/PCI transfers
[    0.506639] pci 0000:00:01.0: Activating ISA DMA hang workarounds
[    0.508521] pci 0000:00:02.0: Video device with shadowed ROM at [mem 0x000c0000-0x000dffff]
[    0.511209] Unpacking initramfs...
[    1.406077] Freeing initrd memory: 19208K
[    1.407867] clocksource: tsc: mask: 0xffffffffffffffff max_cycles: 0x23f3ed6cc7b, max_idle_ns: 440795302954 ns
[    1.410940] platform rtc_cmos: registered platform RTC device (no PNP device found)
[    1.413401] Scanning for low memory corruption every 60 seconds
[    1.416510] Initialise system trusted keyrings
[    1.418068] Key type blacklist registered
[    1.419494] workingset: timestamp_bits=36 max_order=18 bucket_order=0
[    1.424106] zbud: loaded
[    1.426025] squashfs: version 4.0 (2009/01/31) Phillip Lougher
[    1.428048] fuse init (API version 7.26)
[    1.432690] Key type asymmetric registered
[    1.433993] Asymmetric key parser 'x509' registered
[    1.435516] Block layer SCSI generic (bsg) driver version 0.4 loaded (major 246)
[    1.437888] io scheduler noop registered
[    1.439094] io scheduler deadline registered
[    1.440457] io scheduler cfq registered (default)
[    1.442408] ACPI: AC Adapter [AC] (on-line)
[    1.443814] input: Power Button as /devices/LNXSYSTM:00/LNXPWRBN:00/input/input0
[    1.446254] ACPI: Power Button [PWRF]
[    1.447531] input: Sleep Button as /devices/LNXSYSTM:00/LNXSLPBN:00/input/input1
[    1.449856] ACPI: Sleep Button [SLPF]
[    1.453684] ACPI: Battery Slot [BAT0] (battery present)
[    1.455410] Serial: 8250/16550 driver, 32 ports, IRQ sharing enabled
[    1.478682] 00:02: ttyS0 at I/O 0x3f8 (irq = 4, base_baud = 115200) is a 16550A
[    1.485864] Linux agpgart interface v0.103
[    1.489572] loop: module loaded
[    1.491769] scsi host0: ata_piix
[    1.493642] scsi host1: ata_piix
[    1.494984] ata1: PATA max UDMA/33 cmd 0x1f0 ctl 0x3f6 bmdma 0xd000 irq 14
[    1.497148] ata2: PATA max UDMA/33 cmd 0x170 ctl 0x376 bmdma 0xd008 irq 15
[    1.499612] libphy: Fixed MDIO Bus: probed
[    1.501137] tun: Universal TUN/TAP device driver, 1.6
[    1.503146] PPP generic driver version 2.4.2
[    1.505033] ehci_hcd: USB 2.0 'Enhanced' Host Controller (EHCI) Driver
[    1.507046] ehci-pci: EHCI PCI platform driver
[    1.508484] ehci-platform: EHCI generic platform driver
[    1.510068] ohci_hcd: USB 1.1 'Open' Host Controller (OHCI) Driver
[    1.511903] ohci-pci: OHCI PCI platform driver
[    1.513400] ohci-platform: OHCI generic platform driver
[    1.514984] uhci_hcd: USB Universal Host Controller Interface driver
[    1.517105] i8042: PNP: PS/2 Controller [PNP0303:PS2K,PNP0f03:PS2M] at 0x60,0x64 irq 1,12
[    1.520400] serio: i8042 KBD port at 0x60,0x64 irq 1
[    1.522113] serio: i8042 AUX port at 0x60,0x64 irq 12
[    1.523965] mousedev: PS/2 mouse device common for all mice
[    1.526589] rtc_cmos rtc_cmos: rtc core: registered rtc_cmos as rtc0
[    1.528746] input: AT Translated Set 2 keyboard as /devices/platform/i8042/serio0/input/input2
[    1.531664] rtc_cmos rtc_cmos: alarms up to one day, 114 bytes nvram
[    1.533732] i2c /dev entries driver
[    1.534971] device-mapper: uevent: version 1.0.3
[    1.536641] device-mapper: ioctl: 4.37.0-ioctl (2017-09-20) initialised: dm-devel@redhat.com
[    1.539447] ledtrig-cpu: registered to indicate activity on CPUs
[    1.542075] NET: Registered protocol family 10
[    1.548033] Segment Routing with IPv6
[    1.549415] NET: Registered protocol family 17
[    1.550962] Key type dns_resolver registered
[    1.552649] mce: Using 0 MCE banks
[    1.553822] RAS: Correctable Errors collector initialized.
[    1.555493] sched_clock: Marking stable (1552549849, 0)->(1890715245, -338165396)
[    1.558578] registered taskstats version 1
[    1.559978] Loading compiled-in X.509 certificates
[    1.564668] Loaded X.509 cert 'Build time autogenerated kernel key: 1d4b83cbc5f7a3cd7e4471a5cf69d65d9314bdf5'
[    1.567863] zswap: loaded using pool lzo/zbud
[    1.573400] Key type big_key registered
[    1.574677] Key type trusted registered
[    1.578195] Key type encrypted registered
[    1.579549] AppArmor: AppArmor sha1 policy hashing enabled
[    1.581327] ima: No TPM chip found, activating TPM-bypass! (rc=-19)
[    1.583168] ima: Allocated hash algorithm: sha1
[    1.584642] evm: HMAC attrs: 0x1
[    1.586101]   Magic number: 0:695:925
[    1.587432] rtc_cmos rtc_cmos: setting system clock to 2020-08-14 07:55:56 UTC (1597391756)
[    1.590269] BIOS EDD facility v0.16 2004-Jun-25, 0 devices found
[    1.592113] EDD information not available.
[    1.691524] Freeing unused kernel image memory: 2436K
[    1.700666] Write protecting the kernel read-only data: 20480k
[    1.704042] Freeing unused kernel image memory: 2008K
[    1.706202] Freeing unused kernel image memory: 1872K
[    1.739377] x86/mm: Checked W+X mappings: passed, no W+X pages found.
[    1.741419] x86/mm: Checking user space page tables
[    1.774274] x86/mm: Checked W+X mappings: passed, no W+X pages found.
Loading, please wait...
starting version 237
[    1.915779] e1000: Intel(R) PRO/1000 Network Driver - version 7.3.21-k8-NAPI
[    1.918154] e1000: Copyright (c) 1999-2006 Intel Corporation.
[    1.940264] Fusion MPT base driver 3.04.20
[    1.941661] Copyright (c) 1999-2008 LSI Corporation
[    1.964662] AVX2 version of gcm_enc/dec engaged.
[    1.966213] AES CTR mode by8 optimization enabled
[    1.974136] Fusion MPT SPI Host driver 3.04.20
[    2.142612] input: ImExPS/2 Generic Explorer Mouse as /devices/platform/i8042/serio1/input/input4
[    2.405864] e1000 0000:00:03.0 eth0: (PCI:33MHz:32-bit) 02:b5:22:41:d5:db
[    2.407814] e1000 0000:00:03.0 eth0: Intel(R) PRO/1000 Network Connection
[    2.412529] mptbase: ioc0: Initiating bringup
[    2.413050] e1000 0000:00:03.0 enp0s3: renamed from eth0
[    2.986807] ioc0: LSI53C1030 A0: Capabilities={Initiator}
[    5.172978] scsi host2: ioc0: LSI53C1030 A0, FwRev=00000000h, Ports=1, MaxQ=256, IRQ=20
[    6.945267] scsi 2:0:0:0: Direct-Access     VBOX     HARDDISK         1.0  PQ: 0 ANSI: 5
[    6.988569] scsi target2:0:0: Beginning Domain Validation
[    7.004571] scsi target2:0:0: Domain Validation skipping write tests
[    7.012830] scsi target2:0:0: Ending Domain Validation
[    7.020156] scsi target2:0:0: asynchronous
[    7.024792] scsi 2:0:1:0: Direct-Access     VBOX     HARDDISK         1.0  PQ: 0 ANSI: 5
[    7.060508] scsi target2:0:1: Beginning Domain Validation
[    7.066721] random: fast init done
[    7.070295] scsi target2:0:1: Domain Validation skipping write tests
[    7.074174] scsi target2:0:1: Ending Domain Validation
[    7.077638] scsi target2:0:1: asynchronous
[    7.091482] random: systemd-udevd: uninitialized urandom read (16 bytes read)
[    7.095895] random: systemd-udevd: uninitialized urandom read (16 bytes read)
[    7.095963] sd 2:0:0:0: Attached scsi generic sg0 type 0
[    7.100137] random: systemd-udevd: uninitialized urandom read (16 bytes read)
[    7.107905] sd 2:0:0:0: [sda] 20971520 512-byte logical blocks: (10.7 GB/10.0 GiB)
[    7.109483] sd 2:0:1:0: Attached scsi generic sg1 type 0
[    7.114323] sd 2:0:0:0: [sda] Write Protect is off
[    7.116140] sd 2:0:0:0: [sda] Incomplete mode parameter data
[    7.117996] sd 2:0:0:0: [sda] Assuming drive cache: write through
[    7.118036] sd 2:0:1:0: [sdb] 20480 512-byte logical blocks: (10.5 MB/10.0 MiB)
[    7.122547] sd 2:0:1:0: [sdb] Write Protect is off
[    7.124422] sd 2:0:1:0: [sdb] Incomplete mode parameter data
[    7.126112] sd 2:0:1:0: [sdb] Assuming drive cache: write through
[    7.146004]  sda: sda1
[    7.148121] sd 2:0:0:0: [sda] Attached SCSI disk
[    7.170796] sd 2:0:1:0: [sdb] Attached SCSI disk
Begin: Loading essential drivers ... [    9.340423] raid6: sse2x1   gen()  2815 MB/s
[    9.388207] raid6: sse2x1   xor()  1815 MB/s
[    9.436103] raid6: sse2x2   gen()  6474 MB/s
[    9.484422] raid6: sse2x2   xor()  2938 MB/s
[    9.532281] raid6: sse2x4   gen()  6639 MB/s
[    9.580330] raid6: sse2x4   xor()  4068 MB/s
[    9.628023] raid6: avx2x1   gen()  5479 MB/s
[    9.676042] raid6: avx2x1   xor()  3200 MB/s
[    9.724146] raid6: avx2x2   gen() 10260 MB/s
[    9.772478] raid6: avx2x2   xor()  5937 MB/s
[    9.820398] raid6: avx2x4   gen() 13690 MB/s
[    9.868180] raid6: avx2x4   xor()  8335 MB/s
[    9.869660] raid6: using algorithm avx2x4 gen() 13690 MB/s
[    9.871443] raid6: .... xor() 8335 MB/s, rmw enabled
[    9.873110] raid6: using avx2x2 recovery algorithm
[    9.876417] xor: automatically using best checksumming function   avx       
[    9.880198] async_tx: api initialized (async)
done.
Begin: Running /scripts/init-premount ... done.
Begin: Mounting root file system ... Begin: Running /scripts/local-top ... done.
Begin: Running /scripts/local-premount ... [    9.969604] Btrfs loaded, crc32c=crc32c-intel
Scanning for Btrfs filesystems
done.
Warning: fsck not present, so skipping root file system
[   10.139866] EXT4-fs (sda1): INFO: recovery required on readonly filesystem
[   10.142719] EXT4-fs (sda1): write access will be enabled during recovery
[   10.186423] EXT4-fs (sda1): recovery complete
[   10.188009] EXT4-fs (sda1): mounted filesystem with ordered data mode. Opts: (null)
done.
Begin: Running /scripts/local-bottom ... done.
Begin: Running /scripts/init-bottom ... done.
[   11.250584] ip_tables: (C) 2000-2006 Netfilter Core Team
[   11.421715] systemd[1]: systemd 237 running in system mode. (+PAM +AUDIT +SELINUX +IMA +APPARMOR +SMACK +SYSVINIT +UTMP +LIBCRYPTSETUP +GCRYPT +GNUTLS +ACL +XZ +LZ4 +SECCOMP +BLKID +ELFUTILS +KMOD -IDN2 +IDN -PCRE2 default-hierarchy=hybrid)
[   11.452389] systemd[1]: Detected virtualization oracle.
[   11.461610] systemd[1]: Detected architecture x86-64.

Welcome to [1mUbuntu 18.04.5 LTS[0m!

[   11.617837] systemd[1]: Set hostname to <ubuntu-bionic>.
[   12.256369] random: crng init done
[   12.261558] random: 7 urandom warning(s) missed due to ratelimiting
[   13.803557] systemd[1]: Created slice System Slice.
[[0;32m  OK  [0m] Created slice System Slice.
[   13.808268] systemd[1]: Listening on Syslog Socket.
[[0;32m  OK  [0m] Listening on Syslog Socket.
[   13.812450] systemd[1]: Listening on LVM2 poll daemon socket.
[[0;32m  OK  [0m] Listening on LVM2 poll daemon socket.
[   13.817234] systemd[1]: Listening on udev Kernel Socket.
[[0;32m  OK  [0m] Listening on udev Kernel Socket.
[   13.821623] systemd[1]: Listening on /dev/initctl Compatibility Named Pipe.
[[0;32m  OK  [0m] Listening on /dev/initctl Compatibility Named Pipe.
[   13.828027] systemd[1]: Created slice system-serial\x2dgetty.slice.
[[0;32m  OK  [0m] Created slice system-serial\x2dgetty.slice.
[[0;32m  OK  [0m] Listening on Journal Socket.
         Mounting Huge Pages File System...
         Mounting Kernel Debug File System...
         Starting Load Kernel Modules...
         Starting Remount Root and Kernel File Systems...
[[0;32m  OK  [0m] Reached target System Time Synchronized.
[[0;32m  OK  [0m] Listening on Network Service Netlink Socket.
[[0;32m  OK  [0m] Created slice User and Session Slice.
[[0;32m  OK  [0m] Reached target Slices.
[[0;32m  OK  [0m] Listening on Journal Socket (/dev/log).
[[0;32m  OK  [0m] Set up automount Arbitrary Executabâ€¦rmats File System Automount Point.
[[0;32m  OK  [0m] Listening on Device-mapper event daemon FIFOs.
         Starting Set the console keyboard layout...
[[0;32m  OK  [0m] Started Forward Password Requests to Wall Directory Watch.
[[0;32m  OK  [0m] Listening on udev Control Socket.
[[0;32m  OK  [0m] Listening on LVM2 metadata daemon socket.
         Starting Monitoring of LVM2 mirrorsâ€¦ng dmeventd or progress polling...
[[0;32m  OK  [0m] Reached target User and Group Name Lookups.
         Starting Uncomplicated firewall...
         Starting Create list of required stâ€¦ce nodes for the current kernel...
[[0;32m  OK  [0m] Reached target Swap.
         Starting udev Coldplug all Devices...
         Mounting POSIX Message Queue File System...
[[0;32m  OK  [0m] Listening on Journal Audit Socket.
         Starting Journal Service...
[[0;32m  OK  [0m] Mounted Huge Pages File System.
[[0;32m  OK  [0m] Mounted Kernel Debug File System.
[[0;32m  OK  [0m] Mounted POSIX Message Queue File System.
[   13.967991] Loading iSCSI transport class v2.0-870.
[   13.973078] EXT4-fs (sda1): re-mounted. Opts: (null)
[[0;32m  OK  [0m] Started Remount Root and Kernel File Systems.
         Starting Load/Save Random Seed...
[   14.177300] iscsi: registered transport (tcp)
[[0;32m  OK  [0m] Started Uncomplicated firewall.
[[0;32m  OK  [0m] Started Create list of required staâ€¦vice nodes for the current kernel.
         Starting Create Static Device Nodes in /dev...
[[0;32m  OK  [0m] Started Journal Service.
         Starting Flush Journal to Persistent Storage...
[[0;32m  OK  [0m] Started udev Coldplug all Devices.
[   14.452316] systemd-journald[399]: Received request to flush runtime journal from PID 1
[[0;32m  OK  [0m] Started Load/Save Random Seed.
[[0;32m  OK  [0m] Started Create Static Device Nodes in /dev.
         Starting udev Kernel Device Manager...
[[0;32m  OK  [0m] Started LVM2 metadata daemon.
[   15.787726] iscsi: registered transport (iser)
[[0;32m  OK  [0m] Started Load Kernel Modules.
         Mounting Kernel Configuration File System...
         Starting Apply Kernel Variables...
         Mounting FUSE Control File System...
[[0;32m  OK  [0m] Mounted FUSE Control File System.
[[0;32m  OK  [0m] Mounted Kernel Configuration File System.
[[0;32m  OK  [0m] Started udev Kernel Device Manager.
[   15.888922] systemd-journald[399]: File /var/log/journal/5a10f55a308a440598b7f5981163c709/system.journal corrupted or uncleanly shut down, renaming and replacing.
[[0;32m  OK  [0m] Started Set the console keyboard layout.
[[0;32m  OK  [0m] Started Dispatch Password Requests to Console Directory Watch.
[[0;32m  OK  [0m] Reached target Local Encrypted Volumes.
[[0;32m  OK  [0m] Started Apply Kernel Variables.
[[0;32m  OK  [0m] Started Monitoring of LVM2 mirrors,â€¦sing dmeventd or progress polling.
[[0;32m  OK  [0m] Reached target Local File Systems (Pre).
[[0;32m  OK  [0m] Reached target Local File Systems.
         Starting AppArmor initialization...
         Starting Tell Plymouth To Write Out Runtime Data...
         Starting Set console font and keymap...
         Starting ebtables ruleset management...
[[0;32m  OK  [0m] Started Flush Journal to Persistent Storage.
         Starting Create Volatile Files and Directories...
[[0;32m  OK  [0m] Started Tell Plymouth To Write Out Runtime Data.
[[0;32m  OK  [0m] Started Set console font and keymap.
[[0;32m  OK  [0m] Started Create Volatile Files and Directories.
         Starting Update UTMP about System Boot/Shutdown...
[[0;32m  OK  [0m] Started Update UTMP about System Boot/Shutdown.
[[0;32m  OK  [0m] Started ebtables ruleset management.
[[0;32m  OK  [0m] Found device /dev/ttyS0.
[[0;32m  OK  [0m] Listening on Load/Save RF Kill Switch Status /dev/rfkill Watch.
[[0;32m  OK  [0m] Started AppArmor initialization.
         Starting Load AppArmor profiles managed internally by snapd...
         Starting Initial cloud-init job (pre-networking)...
[[0;32m  OK  [0m] Started Load AppArmor profiles managed internally by snapd.
[   23.572711] cloud-init[540]: Cloud-init v. 20.2-45-g5f7825e2-0ubuntu1~18.04.1 running 'init-local' at Fri, 14 Aug 2020 07:56:17 +0000. Up 23.03 seconds.
[[0;32m  OK  [0m] Started Initial cloud-init job (pre-networking).
[[0;32m  OK  [0m] Reached target Network (Pre).
         Starting Network Service...
[[0;32m  OK  [0m] Started Network Service.
         Starting Wait for Network to be Configured...
         Starting Network Name Resolution...
[[0;32m  OK  [0m] Started Network Name Resolution.
[[0;32m  OK  [0m] Reached target Host and Network Name Lookups.
[[0;32m  OK  [0m] Reached target Network.
[[0;32m  OK  [0m] Started Wait for Network to be Configured.
         Starting Initial cloud-init job (metadata service crawler)...
[   26.919827] cloud-init[665]: Cloud-init v. 20.2-45-g5f7825e2-0ubuntu1~18.04.1 running 'init' at Fri, 14 Aug 2020 07:56:21 +0000. Up 26.49 seconds.
[   26.922021] cloud-init[665]: ci-info: ++++++++++++++++++++++++++++++++++++++Net device info++++++++++++++++++++++++++++++++++++++
[   26.923751] cloud-init[665]: ci-info: +--------+------+----------------------------+---------------+--------+-------------------+
[   26.925686] cloud-init[665]: ci-info: | Device |  Up  |          Address           |      Mask     | Scope  |     Hw-Address    |
[   26.927586] cloud-init[665]: ci-info: +--------+------+----------------------------+---------------+--------+-------------------+
[   26.929515] cloud-init[665]: ci-info: | enp0s3 | True |         10.0.2.15          | 255.255.255.0 | global | 02:b5:22:41:d5:db |
[   26.931415] cloud-init[665]: ci-info: | enp0s3 | True | fe80::b5:22ff:fe41:d5db/64 |       .       |  link  | 02:b5:22:41:d5:db |
[   26.933476] cloud-init[665]: ci-info: |   lo   | True |         127.0.0.1          |   255.0.0.0   |  host  |         .         |
[   26.936069] cloud-init[665]: ci-info: |   lo   | True |          ::1/128           |       .       |  host  |         .         |
[   26.938435] cloud-init[665]: ci-info: +--------+------+----------------------------+---------------+--------+-------------------+
[   26.940236] cloud-init[665]: ci-info: ++++++++++++++++++++++++++++Route IPv4 info+++++++++++++++++++++++++++++
[   26.941932] cloud-init[665]: ci-info: +-------+-------------+----------+-----------------+-----------+-------+
[   26.943619] cloud-init[665]: ci-info: | Route | Destination | Gateway  |     Genmask     | Interface | Flags |
[   26.945408] cloud-init[665]: ci-info: +-------+-------------+----------+-----------------+-----------+-------+
[   26.947117] cloud-init[665]: ci-info: |   0   |   0.0.0.0   | 10.0.2.2 |     0.0.0.0     |   enp0s3  |   UG  |
[   26.948881] cloud-init[665]: ci-info: |   1   |   10.0.2.0  | 0.0.0.0  |  255.255.255.0  |   enp0s3  |   U   |
[   26.950598] cloud-init[665]: ci-info: |   2   |   10.0.2.2  | 0.0.0.0  | 255.255.255.255 |   enp0s3  |   UH  |
[   26.952365] cloud-init[665]: ci-info: +-------+-------------+----------+-----------------+-----------+-------+
[   26.954115] cloud-init[665]: ci-info: +++++++++++++++++++Route IPv6 info+++++++++++++++++++
[   26.955587] cloud-init[665]: ci-info: +-------+-------------+---------+-----------+-------+
[   26.957075] cloud-init[665]: ci-info: | Route | Destination | Gateway | Interface | Flags |
[   26.958544] cloud-init[665]: ci-info: +-------+-------------+---------+-----------+-------+
[   26.959987] cloud-init[665]: ci-info: |   1   |  fe80::/64  |    ::   |   enp0s3  |   U   |
[   26.961479] cloud-init[665]: ci-info: |   3   |    local    |    ::   |   enp0s3  |   U   |
[   26.962886] cloud-init[665]: ci-info: |   4   |   ff00::/8  |    ::   |   enp0s3  |   U   |
[   26.964361] cloud-init[665]: ci-info: +-------+-------------+---------+-----------+-------+
[[0;32m  OK  [0m] Started Initial cloud-init job (metadata service crawler).
[[0;32m  OK  [0m] Reached target System Initialization.
[[0;32m  OK  [0m] Started Daily apt upgrade and clean activities.
[[0;32m  OK  [0m] Listening on ACPID Listen Socket.
[[0;32m  OK  [0m] Started Message of the Day.
[[0;32m  OK  [0m] Started Daily Cleanup of Temporary Directories.
[[0;32m  OK  [0m] Listening on Open-iSCSI iscsid Socket.
[[0;32m  OK  [0m] Listening on D-Bus System Message Bus Socket.
[[0;32m  OK  [0m] Started Discard unused blocks once a week.
[[0;32m  OK  [0m] Reached target Timers.
[[0;32m  OK  [0m] Listening on UUID daemon activation socket.
         Starting LXD - unix socket.
[[0;32m  OK  [0m] Started ACPI Events Check.
[[0;32m  OK  [0m] Reached target Paths.
         Starting Socket activation for snappy daemon.
[[0;32m  OK  [0m] Reached target Cloud-config availability.
[[0;32m  OK  [0m] Reached target Network is Online.
         Starting Availability of block devices...
[[0;32m  OK  [0m] Reached target Remote File Systems (Pre).
[[0;32m  OK  [0m] Reached target Remote File Systems.
[[0;32m  OK  [0m] Listening on LXD - unix socket.
[[0;32m  OK  [0m] Listening on Socket activation for snappy daemon.
[[0;32m  OK  [0m] Reached target Sockets.
[[0;32m  OK  [0m] Reached target Basic System.
[[0;32m  OK  [0m] Started FUSE filesystem for LXC.
[[0;32m  OK  [0m] Started irqbalance daemon.
[[0;32m  OK  [0m] Started Deferred execution scheduler.
         Starting LSB: automatic crash report generation...
[[0;32m  OK  [0m] Started Regular background program processing daemon.
         Starting Dispatcher daemon for systemd-networkd...
         Starting Daily apt upgrade and clean activities...
         Starting LSB: Record successful boot for GRUB...
         Starting OpenBSD Secure Shell server...
         Starting Virtualbox guest utils...
         Starting Message of the Day...
         Starting Permit User Sessions...
         Starting Accounts Service...
         Starting System Logging Service...
[[0;32m  OK  [0m] Started D-Bus System Message Bus.
         Starting Login Service...
         Starting Snap Daemon...
         Starting LXD - container startup/shutdown...
[[0;32m  OK  [0m] Started System Logging Service.
[[0;32m  OK  [0m] Started Availability of block devices.
[[0;32m  OK  [0m] Started Permit User Sessions.
         Starting Hold until boot process finishes up...
         Starting Terminate Plymouth Boot Screen...
[[0;32m  OK  [0m] Started Hold until boot process finishes up.
[[0;32m  OK  [0m] Started Serial Getty on ttyS0.
         Starting Set console scheme...
[[0;32m  OK  [0m] Started Terminate Plymouth Boot Screen.
[[0;32m  OK  [0m] Started Set console scheme.
[[0;32m  OK  [0m] Started Login Service.
[[0;32m  OK  [0m] Started Unattended Upgrades Shutdown.
[[0;32m  OK  [0m] Created slice system-getty.slice.
[[0;32m  OK  [0m] Started Getty on tty1.
[[0;32m  OK  [0m] Reached target Login Prompts.
         Starting Authorization Manager...
[[0;32m  OK  [0m] Started LSB: automatic crash report generation.
[[0;32m  OK  [0m] Started LSB: Record successful boot for GRUB.
[[0;32m  OK  [0m] Started Dispatcher daemon for systemd-networkd.
[[0;32m  OK  [0m] Started OpenBSD Secure Shell server.
[[0;32m  OK  [0m] Started Authorization Manager.
[[0;32m  OK  [0m] Started Accounts Service.
[[0;32m  OK  [0m] Started Virtualbox guest utils.
[[0;32m  OK  [0m] Created slice User Slice of vagrant.
         Starting User Manager for UID 1000...
[[0;32m  OK  [0m] Started Session 1 of user vagrant.

Ubuntu 18.04.5 LTS ubuntu-bionic ttyS0

ubuntu-bionic login: [   37.016885] cloud-init[1253]: Cloud-init v. 20.2-45-g5f7825e2-0ubuntu1~18.04.1 running 'modules:config' at Fri, 14 Aug 2020 07:56:31 +0000. Up 36.67 seconds.
[   38.669901] cloud-init[1326]: Cloud-init v. 20.2-45-g5f7825e2-0ubuntu1~18.04.1 running 'modules:final' at Fri, 14 Aug 2020 07:56:33 +0000. Up 38.25 seconds.
[   38.670033] cloud-init[1326]: Cloud-init v. 20.2-45-g5f7825e2-0ubuntu1~18.04.1 finished at Fri, 14 Aug 2020 07:56:33 +0000. Datasource DataSourceNoCloud [seed=/dev/sdb][dsmode=net].  Up 38.61 seconds
